// Jest Snapshot v1, https://goo.gl/fbAQLP

exports[`Play Render Test ... <Play/> 1`] = `
<div>
  Loading...
</div>
`;
